// Jest Snapshot v1, https://goo.gl/fbAQLP

exports[`handler executes as expected 1`] = `
[MockFunction] {
  "calls": Array [
    Array [
      null,
      Object {
        "body": "{\\"message\\":{\\"message\\":\\"Go Serverless v2.0! Your function executed successfully!\\",\\"input\\":{}}}",
        "headers": Object {
          "Access-Control-Allow-Origin": "*",
        },
        "statusCode": 200,
      },
    ],
  ],
  "results": Array [
    Object {
      "type": "return",
      "value": undefined,
    },
  ],
}
`;
